------------- Informe de uso del sistema ------------
Fecha: Sun Oct 27 08:27:55 UTC 2024
Uso de CPU:
%Cpu(s):  0.0 us,  0.0 sy,  0.0 ni, 99.2 id,  0.8 wa,  0.0 hi,  0.0 si,  0.0 st 
-----------------------------------------------------
Uso de Memoria:
               total        used        free      shared  buff/cache   available
Mem:           7.7Gi       616Mi       7.2Gi       3.0Mi       178Mi       7.1Gi
Swap:          2.0Gi          0B       2.0Gi
-----------------------------------------------------
Espacio en Disco:
Filesystem      Size  Used Avail Use% Mounted on
none            3.9G     0  3.9G   0% /usr/lib/modules/5.15.153.1-microsoft-standard-WSL2
none            3.9G  4.0K  3.9G   1% /mnt/wsl
drivers         223G   97G  126G  44% /usr/lib/wsl/drivers
/dev/sdc       1007G  1.5G  955G   1% /
none            3.9G   80K  3.9G   1% /mnt/wslg
none            3.9G     0  3.9G   0% /usr/lib/wsl/lib
rootfs          3.9G  2.2M  3.9G   1% /init
none            3.9G  488K  3.9G   1% /run
none            3.9G     0  3.9G   0% /run/lock
none            3.9G     0  3.9G   0% /run/shm
tmpfs           4.0M     0  4.0M   0% /sys/fs/cgroup
none            3.9G   92K  3.9G   1% /mnt/wslg/versions.txt
none            3.9G   92K  3.9G   1% /mnt/wslg/doc
C:\             223G   97G  126G  44% /mnt/c
D:\             932G  406G  527G  44% /mnt/d
tmpfs           791M   16K  791M   1% /run/user/0
